<html>
<body>
<pre>
<h1>µVision Build Log</h1>
<h2>Tool Versions:</h2>
IDE-Version: µVision V5.20.0.0
Copyright (C) 2016 ARM Ltd and ARM Germany GmbH. All rights reserved.
License Information: aa DJ, aaa, LIC=HN02Z-J60ST-AQ00M-XTP9T-UUXX4-AV4S6
 
Tool Versions:
Toolchain:       MDK-ARM Plus  Version: 5.20
Toolchain Path:  C:\Keil_v5\ARM\ARMCC\Bin
C Compiler:      Armcc.exe V5.06 update 2 (build 183)
Assembler:       Armasm.exe V5.06 update 2 (build 183)
Linker/Locator:  ArmLink.exe V5.06 update 2 (build 183)
Library Manager: ArmAr.exe V5.06 update 2 (build 183)
Hex Converter:   FromElf.exe V5.06 update 2 (build 183)
CPU DLL:         SARMCM3.DLL V5.20
Dialog DLL:      DCM.DLL V1.13.7.0
Target DLL:      STLink\ST-LINKIII-KEIL_SWO.dll V2.0.18.0
Dialog DLL:      TCM.DLL V1.14.9.0
 
<h2>Project:</h2>
C:\Users\DJ\Desktop\RM2018SummerCamp\Project\rm_infantry.uvprojx
Project File Date:  07/23/2018

<h2>Output:</h2>
*** Using Compiler 'V5.06 update 2 (build 183)', folder: 'C:\Keil_v5\ARM\ARMCC\Bin'
Build target 'rm_infantry'
compiling calibrate.c...
compiling can_device.c...
compiling uart_device.c...
compiling ramp.c...
compiling pid.c...
compiling keyboard.c...
compiling startup.c...
compiling chassis_task.c...
compiling gimbal_task.c...
compiling chassis_custom.c...
compiling execute_task.c...
compiling detect_task.c...
compiling shoot_custom.c...
compiling test_custom.c...
compiling gimbal_custom.c...
compiling stm32f4xx_it.c...
linking...
Program Size: Code=40820 RO-data=840 RW-data=324 ZI-data=24140  
FromELF: creating hex file...
".\rm_infantry\rm_infantry.axf" - 0 Error(s), 0 Warning(s).

<h2>Collection of Component include folders:</h2>
  C:\Users\DJ\Desktop\RM2018SummerCamp\Project\RTE
  C:\Keil_v5\ARM\PACK\Keil\STM32F4xx_DFP\2.9.0\Drivers\CMSIS\Device\ST\STM32F4xx\Include

<h2>Collection of Component Files used:</h2>
Build Time Elapsed:  00:00:32
</pre>
</body>
</html>
